Toplam film: 4773
Zaten Türkçe: 8
Çevrilecek: 4763
Başlangıç: 0

  [50/4763] 50 çevrildi. Son: Wolf Children
  [100/4763] 100 çevrildi. Son: Rurouni Kenshin: The Beginning

  >>> Durum: 100 OK, 0 hata, 100/4763

  [150/4763] 150 çevrildi. Son: Suzumiya Haruhi no Shoushitsu
  [200/4763] 200 çevrildi. Son: Suzume no Tojimari

  >>> Durum: 200 OK, 0 hata, 200/4763

  [250/4763] 250 çevrildi. Son: Fujimoto Tatsuki 17-26
  [300/4763] 300 çevrildi. Son: Macross Frontier: Sayonara no Tsubasa

  >>> Durum: 300 OK, 0 hata, 300/4763

  [350/4763] 350 çevrildi. Son: Princess Principal: Crown Handler - Chap
  [400/4763] 400 çevrildi. Son: Majo Minarai wo Sagashite

  >>> Durum: 400 OK, 0 hata, 400/4763

  [450/4763] 450 çevrildi. Son: Meitantei Conan: 11 Nin-me no Striker
  [500/4763] 500 çevrildi. Son: GARO: Divine Flame

  >>> Durum: 500 OK, 0 hata, 500/4763

  Hata: Break Blade 2: Ketsubetsu no Michi - Second Break Blade movie. --> No translation was found using the current translator. Try another translator?
  [551/4763] 550 çevrildi. Son: Yu☆Gi☆Oh!: THE DARK SIDE OF DIMENSIONS

  >>> Durum: 599 OK, 1 hata, 600/4763

  [601/4763] 600 çevrildi. Son: One Piece
  [651/4763] 650 çevrildi. Son: Jujutsu Kaisen 2nd Season

  >>> Durum: 699 OK, 1 hata, 700/4763

  [701/4763] 700 çevrildi. Son: GTO
  [751/4763] 750 çevrildi. Son: Mahou Shoujo Madoka☆Magica

  >>> Durum: 799 OK, 1 hata, 800/4763

  [801/4763] 800 çevrildi. Son: Kamisama Hajimemashita◎
  [851/4763] 850 çevrildi. Son: Toaru Kagaku no Railgun T

  >>> Durum: 899 OK, 1 hata, 900/4763

  [901/4763] 900 çevrildi. Son: Major S3
