Toplam film: 4773
Çevrilecek: 4765
Başlangıç: 0

  [50/4765] 50 çevrildi. Son: Wolf Children
  [100/4765] 100 çevrildi. Son: Rurouni Kenshin: The Beginning

  >>> Durum: 100 OK, 0 hata, 100/4765

  [150/4765] 150 çevrildi. Son: Suzumiya Haruhi no Shoushitsu
  [200/4765] 200 çevrildi. Son: Suzume no Tojimari

  >>> Durum: 200 OK, 0 hata, 200/4765

  [250/4765] 250 çevrildi. Son: Fujimoto Tatsuki 17-26
  [300/4765] 300 çevrildi. Son: Meitantei Conan: Hitomi no Naka no Ansat

  >>> Durum: 300 OK, 0 hata, 300/4765

  [350/4765] 350 çevrildi. Son: HUGtto! Precure ♡ Futari wa Precure All 
  [400/4765] 400 çevrildi. Son: Thunderbolt Fantasy: Seishi Ikken

  >>> Durum: 400 OK, 0 hata, 400/4765

  [450/4765] 450 çevrildi. Son: Hokkyoku Hyakkaten no Concierge-san
  [500/4765] 500 çevrildi. Son: Doraemon: Nobita no Shin Kyoryuu

  >>> Durum: 500 OK, 0 hata, 500/4765

  [550/4765] 550 çevrildi. Son: Bai She 2: Qing She Jie Qi
  [600/4765] 600 çevrildi. Son: Dragon Ball Z: Kami to Kami

  >>> Durum: 600 OK, 0 hata, 600/4765

  [650/4765] 650 çevrildi. Son: 86: Eighty Six Part 2
  [700/4765] 700 çevrildi. Son: Mushishi

  >>> Durum: 700 OK, 0 hata, 700/4765

  [750/4765] 750 çevrildi. Son: Seihantai na Kimi to Boku
  [800/4765] 800 çevrildi. Son: Boku no Hero Academia 6

  >>> Durum: 800 OK, 0 hata, 800/4765

  [850/4765] 850 çevrildi. Son: Golden Kamuy 2nd Season
  [900/4765] 900 çevrildi. Son: Kingdom 2nd Season

  >>> Durum: 900 OK, 0 hata, 900/4765

  [950/4765] 950 çevrildi. Son: SK∞
  [1000/4765] 1000 çevrildi. Son: Hyouka

  >>> Durum: 1000 OK, 0 hata, 1000/4765

  [1050/4765] 1050 çevrildi. Son: Tsuki ga Michibiku Isekai Douchuu 2nd Se
  [1100/4765] 1100 çevrildi. Son: Dennou Coil

  >>> Durum: 1100 OK, 0 hata, 1100/4765

  [1150/4765] 1150 çevrildi. Son: Tonikaku Kawaii
  [1200/4765] 1200 çevrildi. Son: Date A Live V

  >>> Durum: 1200 OK, 0 hata, 1200/4765

  [1250/4765] 1250 çevrildi. Son: D.Gray-man
  [1300/4765] 1300 çevrildi. Son: FAIRY TAIL (2018)

  >>> Durum: 1300 OK, 0 hata, 1300/4765

  [1350/4765] 1350 çevrildi. Son: Ranma 1/2
  [1400/4765] 1400 çevrildi. Son: BIRDIE WING: Golf Girls' Story Season 2

  >>> Durum: 1400 OK, 0 hata, 1400/4765

  [1450/4765] 1450 çevrildi. Son: Heion Sedai no Idaten-tachi
  [1500/4765] 1500 çevrildi. Son: Higashi no Eden

  >>> Durum: 1500 OK, 0 hata, 1500/4765

  [1550/4765] 1550 çevrildi. Son: Piano no Mori 2 (TV)
  [1600/4765] 1600 çevrildi. Son: Given: Uragawa no Sonzai

  >>> Durum: 1600 OK, 0 hata, 1600/4765

  [1650/4765] 1650 çevrildi. Son: CLANNAD: Mou Hitotsu no Sekai, Tomoyo-he
  [1700/4765] 1700 çevrildi. Son: Kill la Kill Tokubetsu-hen

  >>> Durum: 1700 OK, 0 hata, 1700/4765

  [1750/4765] 1750 çevrildi. Son: Ore wo Suki nano wa Omae dake ka yo: Ore
  [1800/4765] 1800 çevrildi. Son: EVANGELION:3.0 (-46h)

  >>> Durum: 1800 OK, 0 hata, 1800/4765

  [1850/4765] 1850 çevrildi. Son: Ase to Sekken
  [1900/4765] 1900 çevrildi. Son: Fukigen na Mononokean

  >>> Durum: 1900 OK, 0 hata, 1900/4765

  [1950/4765] 1950 çevrildi. Son: Uzumaki
  [2000/4765] 2000 çevrildi. Son: Daraku Kazoku-ron

  >>> Durum: 2000 OK, 0 hata, 2000/4765

  [2050/4765] 2050 çevrildi. Son: Boys Run The Riot
  [2100/4765] 2100 çevrildi. Son: Petshop of Horrors

  >>> Durum: 2100 OK, 0 hata, 2100/4765

  [2150/4765] 2150 çevrildi. Son: GANTZ
  [2200/4765] 2200 çevrildi. Son: Given: 10th mix

  >>> Durum: 2200 OK, 0 hata, 2200/4765

  [2250/4765] 2250 çevrildi. Son: Barbarian Quest
  [2300/4765] 2300 çevrildi. Son: Jugeume Gwanhayeo

  >>> Durum: 2300 OK, 0 hata, 2300/4765

  [2350/4765] 2350 çevrildi. Son: Blooming Sequence
  [2400/4765] 2400 çevrildi. Son: Adabana

  >>> Durum: 2400 OK, 0 hata, 2400/4765

  [2450/4765] 2450 çevrildi. Son: Date A Live
  [2500/4765] 2500 çevrildi. Son: Gekkou

  >>> Durum: 2500 OK, 0 hata, 2500/4765

  [2550/4765] 2550 çevrildi. Son: Koushaku Reijou no Tashinami
  [2600/4765] 2600 çevrildi. Son: Rokudenashi Majutsu Koushi to Akashic Re

  >>> Durum: 2600 OK, 0 hata, 2600/4765

  [2650/4765] 2650 çevrildi. Son: Housekishou Richard-shi no Nazo Kantei
  [2700/4765] 2700 çevrildi. Son: Strawberry Panic!

  >>> Durum: 2700 OK, 0 hata, 2700/4765

  [2750/4765] 2750 çevrildi. Son: Kamisama no Memochou
  [2800/4765] 2800 çevrildi. Son: Ikinokori Renkinjutsushi wa Machi de Shi

  >>> Durum: 2800 OK, 0 hata, 2800/4765

  [2850/4765] 2850 çevrildi. Son: Meitantei Conan: Konpeki no Hitsugi (Jol
  [2900/4765] 2900 çevrildi. Son: Thunderbolt Fantasy: Touriken Yuuki - Sa

  >>> Durum: 2900 OK, 0 hata, 2900/4765

  [2950/4765] 2950 çevrildi. Son: Doraemon: Shin Nobita no Uchuu Kaitakush
  [3000/4765] 3000 çevrildi. Son: Precure All Stars New Stage: Mirai no To

  >>> Durum: 3000 OK, 0 hata, 3000/4765

  [3050/4765] 3050 çevrildi. Son: Doubutsu no Mori
  [3100/4765] 3100 çevrildi. Son: Mahou Shoujo Madoka★Magica: Concept Movi

  >>> Durum: 3100 OK, 0 hata, 3100/4765

  [3150/4765] 3150 çevrildi. Son: Doraemon: Nobita no Nippon Tanjou
  [3200/4765] 3200 çevrildi. Son: Macross Δ: Gekijou no Walküre

  >>> Durum: 3200 OK, 0 hata, 3200/4765

  [3250/4765] 3250 çevrildi. Son: Grimm Douwa: Kin no Tori
  [3300/4765] 3300 çevrildi. Son: Shin Tennis no Ouji-sama: Hyoutei vs Rik

  >>> Durum: 3300 OK, 0 hata, 3300/4765

  [3350/4765] 3350 çevrildi. Son: Kinnikuman II Sei
  [3400/4765] 3400 çevrildi. Son: Sora no Otoshimono Final: Eien no Watash

  >>> Durum: 3400 OK, 0 hata, 3400/4765

  [3450/4765] 3450 çevrildi. Son: Yuuki Yuuna wa Yuusha-bu Shozoku 3
  [3500/4765] 3500 çevrildi. Son: Sumikko Gurashi Movie: Tobidasu Ehon to 

  >>> Durum: 3500 OK, 0 hata, 3500/4765

  [3550/4765] 3550 çevrildi. Son: Chuumon no Ooi Ryouriten (1991)
  [3600/4765] 3600 çevrildi. Son: Cheburashka

  >>> Durum: 3600 OK, 0 hata, 3600/4765

  [3650/4765] 3650 çevrildi. Son: Doraemon: Ganbare! Gian!!
  [3700/4765] 3700 çevrildi. Son: Hanarokushou ga Akeru Hi ni

  >>> Durum: 3700 OK, 0 hata, 3700/4765

  [3750/4765] 3750 çevrildi. Son: Kujira wo Yumemu
  [3800/4765] 3800 çevrildi. Son: Lost Man

  >>> Durum: 3800 OK, 0 hata, 3800/4765

  [3850/4765] 3850 çevrildi. Son: Kou Iu no ga Ii
  [3900/4765] 3900 çevrildi. Son: Namida no Tantanmen

  >>> Durum: 3900 OK, 0 hata, 3900/4765

  [3950/4765] 3950 çevrildi. Son: Tsubasa wo Motsu mono
  [4000/4765] 4000 çevrildi. Son: Sotoba no Kijin

  >>> Durum: 4000 OK, 0 hata, 4000/4765

  [4050/4765] 4050 çevrildi. Son: Kaikan Ryokou
  [4100/4765] 4100 çevrildi. Son: Gunji-sensei no Hisoka na Tanoshimi

  >>> Durum: 4100 OK, 0 hata, 4100/4765

  [4150/4765] 4150 çevrildi. Son: Aosora
  [4200/4765] 4200 çevrildi. Son: Madogiwa de Amu

  >>> Durum: 4200 OK, 0 hata, 4200/4765

  [4250/4765] 4250 çevrildi. Son: Sofa-chan
  Hata: ATM no Naka no Otoko - That machine you're familiar with has a lot of pain and suffering inside... --> No translation was found using the current translator. Try another translator?

  >>> Durum: 4299 OK, 1 hata, 4300/4765

  [4301/4765] 4300 çevrildi. Son: Bianca
  [4351/4765] 4350 çevrildi. Son: Chuuousen Cinema Paradise

  >>> Durum: 4399 OK, 1 hata, 4400/4765

  [4401/4765] 4400 çevrildi. Son: Tongpoo no Daibouken
  [4451/4765] 4450 çevrildi. Son: Oujisama no Yume Utsutsu

  >>> Durum: 4499 OK, 1 hata, 4500/4765

  [4501/4765] 4500 çevrildi. Son: Gyu...tte Shite Ii?
  [4551/4765] 4550 çevrildi. Son: Koi Story

  >>> Durum: 4599 OK, 1 hata, 4600/4765

  [4601/4765] 4600 çevrildi. Son: Kawaii Inu wa Yoku Nureru
  [4651/4765] 4650 çevrildi. Son: Toradora Spin-off!

  >>> Durum: 4699 OK, 1 hata, 4700/4765

  [4701/4765] 4700 çevrildi. Son: Kamisama no Inai Nichiyoubi
  [4751/4765] 4750 çevrildi. Son: Gekijouban NARUTO: Blood Prison

============================================================
Çeviri tamamlandı!
Çevrilen: 4764
Hata: 1
Başarı oranı: 100.0%
